================================================== 
 AuhHeung deploy log  2026-06-12 14:35:22.68 
 folder: C:\Users\HERO\Desktop\AI\2_project_AuhHeung\web_deploy\ 
================================================== 
[git] git version 2.54.0.windows.1 
 
----- [1/3] git add . ----- 
 
----- [2/3] git commit ----- 
[main 0052434] update 2026-06-12 14:35:23.08
 1 file changed, 1 insertion(+), 25 deletions(-)
[commit exit code] 0 
 
----- [3/3] git push ----- 
To https://github.com/ppyojog/auh-heung.git
   462b19d..0052434  main -> main
[push exit code] 0 
 
----- git status ----- 
On branch main
Your branch is up to date with 'origin/main'.

Changes not staged for commit:
  (use "git add <file>..." to update what will be committed)
  (use "git restore <file>..." to discard changes in working directory)
	modified:   deploy_log.txt

no changes added to commit (use "git add" and/or "git commit -a")
 
----- last commit ----- 
0052434 update 2026-06-12 14:35:23.08
