================================================== 
 AuhHeung deploy log  2026-06-12 12:54:35.53 
 folder: C:\Users\HERO\Desktop\AI\2_project_AuhHeung\web_deploy\ 
================================================== 
[git] git version 2.54.0.windows.1 
 
----- [1/3] git add . ----- 
warning: in the working copy of 'lib/main.dart', LF will be replaced by CRLF the next time Git touches it
 
----- [2/3] git commit ----- 
[main 92171ba] update 2026-06-12 12:54:35.94
 2 files changed, 375 insertions(+), 105 deletions(-)
[commit exit code] 0 
 
----- [3/3] git push ----- 
To https://github.com/ppyojog/auh-heung.git
   cece3f6..92171ba  main -> main
[push exit code] 0 
 
----- git status ----- 
On branch main
Your branch is up to date with 'origin/main'.

Changes not staged for commit:
  (use "git add <file>..." to update what will be committed)
  (use "git restore <file>..." to discard changes in working directory)
	modified:   deploy_log.txt

no changes added to commit (use "git add" and/or "git commit -a")
 
----- last commit ----- 
92171ba update 2026-06-12 12:54:35.94
